candy                              16.00
  1.60 * a
10.0% off(candy)                   -1.60

Total:                             14.40

